

 ETABS Ultimate 64-bit 19.1.0 Build 2420 (Analysis Build 9853/64)               
 File: Y:\python\civiltools\civilTools\test\etabs_api\nazari.OUT                
                                                                     
                                                                       

 1, CONSTR = RIGID, DOF = U1 U2 R3

                     LOCAL COORDINATE SYSTEM FOR CONSTRAINT MASTER
  GLOBAL          U1          U2          U3          R1          R2          R3
     X      1.000000     .000000     .000000    1.000000     .000000     .000000
     Y       .000000    1.000000     .000000     .000000    1.000000     .000000
     Z       .000000     .000000    1.000000     .000000     .000000    1.000000

                     TRANSLATIONAL MASS AND MASS MOMENTS OF INERTIA
                  U1          U2          U3          R1          R2          R3
           19.049401   19.049401     .000000     .000000     .000000  2.1064E+08

                     CENTER OF MASS
  GLOBAL          U1          U2          U3
     X     11624.487   11624.487   11104.081
     Y      6334.732    6334.732    6222.455
     Z     15400.000   15400.000   15400.000

 2, CONSTR = RIGID, DOF = U1 U2 R3

                     LOCAL COORDINATE SYSTEM FOR CONSTRAINT MASTER
  GLOBAL          U1          U2          U3          R1          R2          R3
     X      1.000000     .000000     .000000    1.000000     .000000     .000000
     Y       .000000    1.000000     .000000     .000000    1.000000     .000000
     Z       .000000     .000000    1.000000     .000000     .000000    1.000000

                     TRANSLATIONAL MASS AND MASS MOMENTS OF INERTIA
                  U1          U2          U3          R1          R2          R3
           92.312388   92.312388     .000000     .000000     .000000  2.7867E+09

                     CENTER OF MASS
  GLOBAL          U1          U2          U3
     X     15980.598   15980.598   16620.046
     Y      3600.201    3600.201    4031.554
     Z     12160.000   12160.000   12160.000

 3, CONSTR = RIGID, DOF = U1 U2 R3

                     LOCAL COORDINATE SYSTEM FOR CONSTRAINT MASTER
  GLOBAL          U1          U2          U3          R1          R2          R3
     X      1.000000     .000000     .000000    1.000000     .000000     .000000
     Y       .000000    1.000000     .000000     .000000    1.000000     .000000
     Z       .000000     .000000    1.000000     .000000     .000000    1.000000

                     TRANSLATIONAL MASS AND MASS MOMENTS OF INERTIA
                  U1          U2          U3          R1          R2          R3
          106.053274  106.053274     .000000     .000000     .000000  3.2287E+09

                     CENTER OF MASS
  GLOBAL          U1          U2          U3
     X     15769.227   15769.227   16603.787
     Y      3413.658    3413.658    4017.204
     Z      8740.000    8740.000    8740.000

 4, CONSTR = RIGID, DOF = U1 U2 R3

                     LOCAL COORDINATE SYSTEM FOR CONSTRAINT MASTER
  GLOBAL          U1          U2          U3          R1          R2          R3
     X      1.000000     .000000     .000000    1.000000     .000000     .000000
     Y       .000000    1.000000     .000000     .000000    1.000000     .000000
     Z       .000000     .000000    1.000000     .000000     .000000    1.000000

                     TRANSLATIONAL MASS AND MASS MOMENTS OF INERTIA
                  U1          U2          U3          R1          R2          R3
          181.381270  181.381270     .000000     .000000     .000000  1.0893E+10

                     CENTER OF MASS
  GLOBAL          U1          U2          U3
     X     11603.432   11603.432   13454.320
     Y      3811.083    3811.083    4318.887
     Z      5320.000    5320.000    5320.000

 1, CONSTR = RIGID, DOF = U1 U2 R3

                     LOCAL COORDINATE SYSTEM FOR CONSTRAINT MASTER
  GLOBAL          U1          U2          U3          R1          R2          R3
     X      1.000000     .000000     .000000    1.000000     .000000     .000000
     Y       .000000    1.000000     .000000     .000000    1.000000     .000000
     Z       .000000     .000000    1.000000     .000000     .000000    1.000000

                     TRANSLATIONAL MASS AND MASS MOMENTS OF INERTIA
                  U1          U2          U3          R1          R2          R3
           19.049401   19.049401     .000000     .000000     .000000  2.1064E+08

                     CENTER OF MASS
  GLOBAL          U1          U2          U3
     X     11624.487   11624.487   11104.081
     Y      6334.732    6334.732    6222.455
     Z     15400.000   15400.000   15400.000

 2, CONSTR = RIGID, DOF = U1 U2 R3

                     LOCAL COORDINATE SYSTEM FOR CONSTRAINT MASTER
  GLOBAL          U1          U2          U3          R1          R2          R3
     X      1.000000     .000000     .000000    1.000000     .000000     .000000
     Y       .000000    1.000000     .000000     .000000    1.000000     .000000
     Z       .000000     .000000    1.000000     .000000     .000000    1.000000

                     TRANSLATIONAL MASS AND MASS MOMENTS OF INERTIA
                  U1          U2          U3          R1          R2          R3
           92.312388   92.312388     .000000     .000000     .000000  2.7867E+09

                     CENTER OF MASS
  GLOBAL          U1          U2          U3
     X     15980.598   15980.598   16620.046
     Y      3600.201    3600.201    4031.554
     Z     12160.000   12160.000   12160.000

 3, CONSTR = RIGID, DOF = U1 U2 R3

                     LOCAL COORDINATE SYSTEM FOR CONSTRAINT MASTER
  GLOBAL          U1          U2          U3          R1          R2          R3
     X      1.000000     .000000     .000000    1.000000     .000000     .000000
     Y       .000000    1.000000     .000000     .000000    1.000000     .000000
     Z       .000000     .000000    1.000000     .000000     .000000    1.000000

                     TRANSLATIONAL MASS AND MASS MOMENTS OF INERTIA
                  U1          U2          U3          R1          R2          R3
          106.053274  106.053274     .000000     .000000     .000000  3.2287E+09

                     CENTER OF MASS
  GLOBAL          U1          U2          U3
     X     15769.227   15769.227   16603.787
     Y      3413.658    3413.658    4017.204
     Z      8740.000    8740.000    8740.000

 4, CONSTR = RIGID, DOF = U1 U2 R3

                     LOCAL COORDINATE SYSTEM FOR CONSTRAINT MASTER
  GLOBAL          U1          U2          U3          R1          R2          R3
     X      1.000000     .000000     .000000    1.000000     .000000     .000000
     Y       .000000    1.000000     .000000     .000000    1.000000     .000000
     Z       .000000     .000000    1.000000     .000000     .000000    1.000000

                     TRANSLATIONAL MASS AND MASS MOMENTS OF INERTIA
                  U1          U2          U3          R1          R2          R3
          181.381270  181.381270     .000000     .000000     .000000  1.0893E+10

                     CENTER OF MASS
  GLOBAL          U1          U2          U3
     X     11603.432   11603.432   13454.320
     Y      3811.083    3811.083    4318.887
     Z      5320.000    5320.000    5320.000

 D I S P L A C E M E N T   D E G R E E S   O F   F R E E D O M

         (A) = Active DOF, equilibrium equation
         (-) = Restrained DOF, reaction computed
         (+) = Constrained DOF
         (>) = External substructure DOF
         ( ) = Null DOF

  JOINTS              UX  UY  UZ  RX  RY  RZ
       1               +   +   A   A   A   +
       5               -   -   -   -   -   -
       9               +   +   A   A   A   +
      10               -   -   -   -   -   -
      11               A   A   A   A   A   A
      12               +   +   A   A   A   +
      13               A   A   A   A   A   A
      14               +   +   A   A   A   +
      15               -   -   -   -   -   -
      16 TO      19    +   +   A   A   A   +
      20               -   -   -   -   -   -
      21 TO      24    +   +   A   A   A   +
      25               -   -   -   -   -   -
      29               +   +   A   A   A   +
      30               -   -   -   -   -   -
      31 TO      34    +   +   A   A   A   +
      35               -   -   -   -   -   -
      36 TO      38    +   +   A   A   A   +
      39               -   -   -   -   -   -
      40               +   +   A   A   A   +
      41               A   A   A   A   A   A
      42               +   +   A   A   A   +
      43               A   A   A   A   A   A
      44               -   -   -   -   -   -
      45 TO      48    +   +   A   A   A   +
      49               -   -   -   -   -   -
      50 TO      53    +   +   A   A   A   +
      54               -   -   -   -   -   -
      55 TO      80    +   +   A   A   A   +
      88               A   A   A   A   A   A
      89 TO      92    +   +   A   A   A   +
      93               A   A   A   A   A   A
      94               +   +   A   A   A   +
      95               A   A   A   A   A   A
       2 TO       6    +   +   -   -   -   +
    NULL                                    

  CONSTRAINTS         U1  U2  U3  R1  R2  R3
 1       TO 4          A   A               A
