

 ETABS Ultimate 64-bit 19.1.0 Build 2420 (Analysis Build 9853/64)               
 File: Y:\python\civiltools\civilTools\test\etabs_api\weakness.OUT              
                                                                     
                                                                       

 1, CONSTR = RIGID, DOF = U1 U2 R3

                     LOCAL COORDINATE SYSTEM FOR CONSTRAINT MASTER
  GLOBAL          U1          U2          U3          R1          R2          R3
     X      1.000000     .000000     .000000    1.000000     .000000     .000000
     Y       .000000    1.000000     .000000     .000000    1.000000     .000000
     Z       .000000     .000000    1.000000     .000000     .000000    1.000000

                     TRANSLATIONAL MASS AND MASS MOMENTS OF INERTIA
                  U1          U2          U3          R1          R2          R3
            1748.913    1748.913     .000000     .000000     .000000   28129.765

                     CENTER OF MASS
  GLOBAL          U1          U2          U3
     X     10.484463   10.484463   10.270037
     Y      1.818964    1.818964    1.899964
     Z     18.680000   18.680000   18.680000

 2, CONSTR = RIGID, DOF = U1 U2 R3

                     LOCAL COORDINATE SYSTEM FOR CONSTRAINT MASTER
  GLOBAL          U1          U2          U3          R1          R2          R3
     X      1.000000     .000000     .000000    1.000000     .000000     .000000
     Y       .000000    1.000000     .000000     .000000    1.000000     .000000
     Z       .000000     .000000    1.000000     .000000     .000000    1.000000

                     TRANSLATIONAL MASS AND MASS MOMENTS OF INERTIA
                  U1          U2          U3          R1          R2          R3
           16484.940   16484.940     .000000     .000000     .000000  812426.858

                     CENTER OF MASS
  GLOBAL          U1          U2          U3
     X      9.896705    9.896705    8.531680
     Y      5.270783    5.270783    7.234269
     Z     15.480000   15.480000   15.480000

 3, CONSTR = RIGID, DOF = U1 U2 R3

                     LOCAL COORDINATE SYSTEM FOR CONSTRAINT MASTER
  GLOBAL          U1          U2          U3          R1          R2          R3
     X      1.000000     .000000     .000000    1.000000     .000000     .000000
     Y       .000000    1.000000     .000000     .000000    1.000000     .000000
     Z       .000000     .000000    1.000000     .000000     .000000    1.000000

                     TRANSLATIONAL MASS AND MASS MOMENTS OF INERTIA
                  U1          U2          U3          R1          R2          R3
           17696.182   17696.182     .000000     .000000     .000000  898010.982

                     CENTER OF MASS
  GLOBAL          U1          U2          U3
     X      9.802499    9.802499    8.530633
     Y      5.392375    5.392375    7.235620
     Z     12.060000   12.060000   12.060000

 4, CONSTR = RIGID, DOF = U1 U2 R3

                     LOCAL COORDINATE SYSTEM FOR CONSTRAINT MASTER
  GLOBAL          U1          U2          U3          R1          R2          R3
     X      1.000000     .000000     .000000    1.000000     .000000     .000000
     Y       .000000    1.000000     .000000     .000000    1.000000     .000000
     Z       .000000     .000000    1.000000     .000000     .000000    1.000000

                     TRANSLATIONAL MASS AND MASS MOMENTS OF INERTIA
                  U1          U2          U3          R1          R2          R3
           18032.296   18032.296     .000000     .000000     .000000  916145.191

                     CENTER OF MASS
  GLOBAL          U1          U2          U3
     X      9.800642    9.800642    8.530613
     Y      5.368009    5.368009    7.235349
     Z      8.640000    8.640000    8.640000

 5, CONSTR = RIGID, DOF = U1 U2 R3

                     LOCAL COORDINATE SYSTEM FOR CONSTRAINT MASTER
  GLOBAL          U1          U2          U3          R1          R2          R3
     X      1.000000     .000000     .000000    1.000000     .000000     .000000
     Y       .000000    1.000000     .000000     .000000    1.000000     .000000
     Z       .000000     .000000    1.000000     .000000     .000000    1.000000

                     TRANSLATIONAL MASS AND MASS MOMENTS OF INERTIA
                  U1          U2          U3          R1          R2          R3
           19151.354   19151.354     .000000     .000000     .000000  982657.038

                     CENTER OF MASS
  GLOBAL          U1          U2          U3
     X      9.881697    9.881697    8.511357
     Y      5.252686    5.252686    7.088181
     Z      5.220000    5.220000    5.220000

 D I S P L A C E M E N T   D E G R E E S   O F   F R E E D O M

         (A) = Active DOF, equilibrium equation
         (-) = Restrained DOF, reaction computed
         (+) = Constrained DOF
         (>) = External substructure DOF
         ( ) = Null DOF

  JOINTS              UX  UY  UZ  RX  RY  RZ
     115               -   -   -   -   -   -
     116               +   +   A   A   A   +
     117               -   -   -   -   -   -
     118               +   +   A   A   A   +
     119               -   -   -   -   -   -
     120               +   +   A   A   A   +
     121               -   -   -   -   -   -
     122               +   +   A   A   A   +
     123               -   -   -   -   -   -
     124               +   +   A   A   A   +
     125               -   -   -   -   -   -
     126               +   +   A   A   A   +
     127               -   -   -   -   -   -
     128               +   +   A   A   A   +
     129               -   -   -   -   -   -
     130               +   +   A   A   A   +
     131               -   -   -   -   -   -
     132               +   +   A   A   A   +
     133               -   -   -   -   -   -
     134               +   +   A   A   A   +
     135               -   -   -   -   -   -
     136 TO     241    +   +   A   A   A   +
     242               +   +               +
     243 TO     244    +   +   A   A   A   +
     245               +   +   +   +   +   +
     246 TO     492    +   +   A   A   A   +
       1 TO       5    +   +   -   -   -   +
    ~384               +   +   +   +   +   +
    NULL                                    

  CONSTRAINTS         U1  U2  U3  R1  R2  R3
 1       TO 5          A   A               A
 ~LineCo                       A   A   A    
